
> novafund-frontend@0.1.0 build
> next build

   Γû▓ Next.js 14.1.0

   Creating an optimized production build ...
 Γ£ô Compiled successfully
   Linting and checking validity of types ...
   Collecting page data ...
   Generating static pages (0/10) ...
node.exe : Error: useSocial must be used within SocialProvider
At line:1 char:1
+ & "C:\Program Files\nodejs/node.exe" "C:\Program Files\nodejs/node_mo ...
+ ~~~~~~~~~~~~~~~~~~~~~~~~~~~~~~~~~~~~~~~~~~~~~~~~~~~~~~~~~~~~~~~~~~~~~
    + CategoryInfo          : NotSpecified: (Error: useSocia... SocialProvider 
   :String) [], RemoteException
    + FullyQualifiedErrorId : NativeCommandError
 
    at i (C:\Users\DELL USER\OneDrive\Documents\DRIPS\DRIPS Solution 
folder\NovaFund\frontend\.next\server\chunks\521.js:1:18828)
    at c (C:\Users\DELL USER\OneDrive\Documents\DRIPS\DRIPS Solution 
folder\NovaFund\frontend\.next\server\chunks\521.js:1:15899)
    at nM (C:\Users\DELL USER\OneDrive\Documents\DRIPS\DRIPS Solution folder\No
vaFund\frontend\node_modules\next\dist\compiled\next-server\app-page.runtime.pr
od.js:12:47419)
    at nM (C:\Users\DELL USER\OneDrive\Documents\DRIPS\DRIPS Solution folder\No
vaFund\frontend\node_modules\next\dist\compiled\next-server\app-page.runtime.pr
od.js:12:61663)
    at nN (C:\Users\DELL USER\OneDrive\Documents\DRIPS\DRIPS Solution folder\No
vaFund\frontend\node_modules\next\dist\compiled\next-server\app-page.runtime.pr
od.js:12:64674)
    at nB (C:\Users\DELL USER\OneDrive\Documents\DRIPS\DRIPS Solution folder\No
vaFund\frontend\node_modules\next\dist\compiled\next-server\app-page.runtime.pr
od.js:12:67657)
    at nM (C:\Users\DELL USER\OneDrive\Documents\DRIPS\DRIPS Solution folder\No
vaFund\frontend\node_modules\next\dist\compiled\next-server\app-page.runtime.pr
od.js:12:58551)
    at nN (C:\Users\DELL USER\OneDrive\Documents\DRIPS\DRIPS Solution folder\No
vaFund\frontend\node_modules\next\dist\compiled\next-server\app-page.runtime.pr
od.js:12:64674)
    at nB (C:\Users\DELL USER\OneDrive\Documents\DRIPS\DRIPS Solution folder\No
vaFund\frontend\node_modules\next\dist\compiled\next-server\app-page.runtime.pr
od.js:12:67657)
    at nM (C:\Users\DELL USER\OneDrive\Documents\DRIPS\DRIPS Solution folder\No
vaFund\frontend\node_modules\next\dist\compiled\next-server\app-page.runtime.pr
od.js:12:58551)

Error occurred prerendering page "/_not-found". Read more: 
https://nextjs.org/docs/messages/prerender-error

Error: useSocial must be used within SocialProvider
    at i (C:\Users\DELL USER\OneDrive\Documents\DRIPS\DRIPS Solution 
folder\NovaFund\frontend\.next\server\chunks\521.js:1:18828)
    at c (C:\Users\DELL USER\OneDrive\Documents\DRIPS\DRIPS Solution 
folder\NovaFund\frontend\.next\server\chunks\521.js:1:15899)
    at nM (C:\Users\DELL USER\OneDrive\Documents\DRIPS\DRIPS Solution folder\No
vaFund\frontend\node_modules\next\dist\compiled\next-server\app-page.runtime.pr
od.js:12:47419)
    at nM (C:\Users\DELL USER\OneDrive\Documents\DRIPS\DRIPS Solution folder\No
vaFund\frontend\node_modules\next\dist\compiled\next-server\app-page.runtime.pr
od.js:12:61663)
    at nN (C:\Users\DELL USER\OneDrive\Documents\DRIPS\DRIPS Solution folder\No
vaFund\frontend\node_modules\next\dist\compiled\next-server\app-page.runtime.pr
od.js:12:64674)
    at nB (C:\Users\DELL USER\OneDrive\Documents\DRIPS\DRIPS Solution folder\No
vaFund\frontend\node_modules\next\dist\compiled\next-server\app-page.runtime.pr
od.js:12:67657)
    at nM (C:\Users\DELL USER\OneDrive\Documents\DRIPS\DRIPS Solution folder\No
vaFund\frontend\node_modules\next\dist\compiled\next-server\app-page.runtime.pr
od.js:12:58551)
    at nN (C:\Users\DELL USER\OneDrive\Documents\DRIPS\DRIPS Solution folder\No
vaFund\frontend\node_modules\next\dist\compiled\next-server\app-page.runtime.pr
od.js:12:64674)
    at nB (C:\Users\DELL USER\OneDrive\Documents\DRIPS\DRIPS Solution folder\No
vaFund\frontend\node_modules\next\dist\compiled\next-server\app-page.runtime.pr
od.js:12:67657)
    at nM (C:\Users\DELL USER\OneDrive\Documents\DRIPS\DRIPS Solution folder\No
vaFund\frontend\node_modules\next\dist\compiled\next-server\app-page.runtime.pr
od.js:12:58551)
Error: useSocial must be used within SocialProvider
    at i (C:\Users\DELL USER\OneDrive\Documents\DRIPS\DRIPS Solution 
folder\NovaFund\frontend\.next\server\chunks\521.js:1:18828)
    at c (C:\Users\DELL USER\OneDrive\Documents\DRIPS\DRIPS Solution 
folder\NovaFund\frontend\.next\server\chunks\521.js:1:15899)
    at nM (C:\Users\DELL USER\OneDrive\Documents\DRIPS\DRIPS Solution folder\No
vaFund\frontend\node_modules\next\dist\compiled\next-server\app-page.runtime.pr
od.js:12:47419)
    at nM (C:\Users\DELL USER\OneDrive\Documents\DRIPS\DRIPS Solution folder\No
vaFund\frontend\node_modules\next\dist\compiled\next-server\app-page.runtime.pr
od.js:12:61663)
    at nN (C:\Users\DELL USER\OneDrive\Documents\DRIPS\DRIPS Solution folder\No
vaFund\frontend\node_modules\next\dist\compiled\next-server\app-page.runtime.pr
od.js:12:64674)
    at nB (C:\Users\DELL USER\OneDrive\Documents\DRIPS\DRIPS Solution folder\No
vaFund\frontend\node_modules\next\dist\compiled\next-server\app-page.runtime.pr
od.js:12:67657)
    at nM (C:\Users\DELL USER\OneDrive\Documents\DRIPS\DRIPS Solution folder\No
vaFund\frontend\node_modules\next\dist\compiled\next-server\app-page.runtime.pr
od.js:12:58551)
    at nN (C:\Users\DELL USER\OneDrive\Documents\DRIPS\DRIPS Solution folder\No
vaFund\frontend\node_modules\next\dist\compiled\next-server\app-page.runtime.pr
od.js:12:64674)
    at nB (C:\Users\DELL USER\OneDrive\Documents\DRIPS\DRIPS Solution folder\No
vaFund\frontend\node_modules\next\dist\compiled\next-server\app-page.runtime.pr
od.js:12:67657)
    at nM (C:\Users\DELL USER\OneDrive\Documents\DRIPS\DRIPS Solution folder\No
vaFund\frontend\node_modules\next\dist\compiled\next-server\app-page.runtime.pr
od.js:12:58551)

Error occurred prerendering page "/dashboard". Read more: 
https://nextjs.org/docs/messages/prerender-error

Error: useSocial must be used within SocialProvider
    at i (C:\Users\DELL USER\OneDrive\Documents\DRIPS\DRIPS Solution 
folder\NovaFund\frontend\.next\server\chunks\521.js:1:18828)
    at c (C:\Users\DELL USER\OneDrive\Documents\DRIPS\DRIPS Solution 
folder\NovaFund\frontend\.next\server\chunks\521.js:1:15899)
    at nM (C:\Users\DELL USER\OneDrive\Documents\DRIPS\DRIPS Solution folder\No
vaFund\frontend\node_modules\next\dist\compiled\next-server\app-page.runtime.pr
od.js:12:47419)
    at nM (C:\Users\DELL USER\OneDrive\Documents\DRIPS\DRIPS Solution folder\No
vaFund\frontend\node_modules\next\dist\compiled\next-server\app-page.runtime.pr
od.js:12:61663)
    at nN (C:\Users\DELL USER\OneDrive\Documents\DRIPS\DRIPS Solution folder\No
vaFund\frontend\node_modules\next\dist\compiled\next-server\app-page.runtime.pr
od.js:12:64674)
    at nB (C:\Users\DELL USER\OneDrive\Documents\DRIPS\DRIPS Solution folder\No
vaFund\frontend\node_modules\next\dist\compiled\next-server\app-page.runtime.pr
od.js:12:67657)
    at nM (C:\Users\DELL USER\OneDrive\Documents\DRIPS\DRIPS Solution folder\No
vaFund\frontend\node_modules\next\dist\compiled\next-server\app-page.runtime.pr
od.js:12:58551)
    at nN (C:\Users\DELL USER\OneDrive\Documents\DRIPS\DRIPS Solution folder\No
vaFund\frontend\node_modules\next\dist\compiled\next-server\app-page.runtime.pr
od.js:12:64674)
    at nB (C:\Users\DELL USER\OneDrive\Documents\DRIPS\DRIPS Solution folder\No
vaFund\frontend\node_modules\next\dist\compiled\next-server\app-page.runtime.pr
od.js:12:67657)
    at nM (C:\Users\DELL USER\OneDrive\Documents\DRIPS\DRIPS Solution folder\No
vaFund\frontend\node_modules\next\dist\compiled\next-server\app-page.runtime.pr
od.js:12:58551)

   Generating static pages (2/10) 
Error: useSocial must be used within SocialProvider
    at i (C:\Users\DELL USER\OneDrive\Documents\DRIPS\DRIPS Solution 
folder\NovaFund\frontend\.next\server\chunks\521.js:1:18828)
    at c (C:\Users\DELL USER\OneDrive\Documents\DRIPS\DRIPS Solution 
folder\NovaFund\frontend\.next\server\chunks\521.js:1:15899)
    at nM (C:\Users\DELL USER\OneDrive\Documents\DRIPS\DRIPS Solution folder\No
vaFund\frontend\node_modules\next\dist\compiled\next-server\app-page.runtime.pr
od.js:12:47419)
    at nM (C:\Users\DELL USER\OneDrive\Documents\DRIPS\DRIPS Solution folder\No
vaFund\frontend\node_modules\next\dist\compiled\next-server\app-page.runtime.pr
od.js:12:61663)
    at nN (C:\Users\DELL USER\OneDrive\Documents\DRIPS\DRIPS Solution folder\No
vaFund\frontend\node_modules\next\dist\compiled\next-server\app-page.runtime.pr
od.js:12:64674)
    at nB (C:\Users\DELL USER\OneDrive\Documents\DRIPS\DRIPS Solution folder\No
vaFund\frontend\node_modules\next\dist\compiled\next-server\app-page.runtime.pr
od.js:12:67657)
    at nM (C:\Users\DELL USER\OneDrive\Documents\DRIPS\DRIPS Solution folder\No
vaFund\frontend\node_modules\next\dist\compiled\next-server\app-page.runtime.pr
od.js:12:58551)
    at nN (C:\Users\DELL USER\OneDrive\Documents\DRIPS\DRIPS Solution folder\No
vaFund\frontend\node_modules\next\dist\compiled\next-server\app-page.runtime.pr
od.js:12:64674)
    at nB (C:\Users\DELL USER\OneDrive\Documents\DRIPS\DRIPS Solution folder\No
vaFund\frontend\node_modules\next\dist\compiled\next-server\app-page.runtime.pr
od.js:12:67657)
    at nM (C:\Users\DELL USER\OneDrive\Documents\DRIPS\DRIPS Solution folder\No
vaFund\frontend\node_modules\next\dist\compiled\next-server\app-page.runtime.pr
od.js:12:58551)

Error occurred prerendering page "/explore". Read more: 
https://nextjs.org/docs/messages/prerender-error

Error: useSocial must be used within SocialProvider
    at i (C:\Users\DELL USER\OneDrive\Documents\DRIPS\DRIPS Solution 
folder\NovaFund\frontend\.next\server\chunks\521.js:1:18828)
    at c (C:\Users\DELL USER\OneDrive\Documents\DRIPS\DRIPS Solution 
folder\NovaFund\frontend\.next\server\chunks\521.js:1:15899)
    at nM (C:\Users\DELL USER\OneDrive\Documents\DRIPS\DRIPS Solution folder\No
vaFund\frontend\node_modules\next\dist\compiled\next-server\app-page.runtime.pr
od.js:12:47419)
    at nM (C:\Users\DELL USER\OneDrive\Documents\DRIPS\DRIPS Solution folder\No
vaFund\frontend\node_modules\next\dist\compiled\next-server\app-page.runtime.pr
od.js:12:61663)
    at nN (C:\Users\DELL USER\OneDrive\Documents\DRIPS\DRIPS Solution folder\No
vaFund\frontend\node_modules\next\dist\compiled\next-server\app-page.runtime.pr
od.js:12:64674)
    at nB (C:\Users\DELL USER\OneDrive\Documents\DRIPS\DRIPS Solution folder\No
vaFund\frontend\node_modules\next\dist\compiled\next-server\app-page.runtime.pr
od.js:12:67657)
    at nM (C:\Users\DELL USER\OneDrive\Documents\DRIPS\DRIPS Solution folder\No
vaFund\frontend\node_modules\next\dist\compiled\next-server\app-page.runtime.pr
od.js:12:58551)
    at nN (C:\Users\DELL USER\OneDrive\Documents\DRIPS\DRIPS Solution folder\No
vaFund\frontend\node_modules\next\dist\compiled\next-server\app-page.runtime.pr
od.js:12:64674)
    at nB (C:\Users\DELL USER\OneDrive\Documents\DRIPS\DRIPS Solution folder\No
vaFund\frontend\node_modules\next\dist\compiled\next-server\app-page.runtime.pr
od.js:12:67657)
    at nM (C:\Users\DELL USER\OneDrive\Documents\DRIPS\DRIPS Solution folder\No
vaFund\frontend\node_modules\next\dist\compiled\next-server\app-page.runtime.pr
od.js:12:58551)

   Generating static pages (4/10) 
Error: useSocial must be used within SocialProvider
    at i (C:\Users\DELL USER\OneDrive\Documents\DRIPS\DRIPS Solution 
folder\NovaFund\frontend\.next\server\chunks\521.js:1:18828)
    at c (C:\Users\DELL USER\OneDrive\Documents\DRIPS\DRIPS Solution 
folder\NovaFund\frontend\.next\server\chunks\521.js:1:15899)
    at nM (C:\Users\DELL USER\OneDrive\Documents\DRIPS\DRIPS Solution folder\No
vaFund\frontend\node_modules\next\dist\compiled\next-server\app-page.runtime.pr
od.js:12:47419)
    at nM (C:\Users\DELL USER\OneDrive\Documents\DRIPS\DRIPS Solution folder\No
vaFund\frontend\node_modules\next\dist\compiled\next-server\app-page.runtime.pr
od.js:12:61663)
    at nN (C:\Users\DELL USER\OneDrive\Documents\DRIPS\DRIPS Solution folder\No
vaFund\frontend\node_modules\next\dist\compiled\next-server\app-page.runtime.pr
od.js:12:64674)
    at nB (C:\Users\DELL USER\OneDrive\Documents\DRIPS\DRIPS Solution folder\No
vaFund\frontend\node_modules\next\dist\compiled\next-server\app-page.runtime.pr
od.js:12:67657)
    at nM (C:\Users\DELL USER\OneDrive\Documents\DRIPS\DRIPS Solution folder\No
vaFund\frontend\node_modules\next\dist\compiled\next-server\app-page.runtime.pr
od.js:12:58551)
    at nN (C:\Users\DELL USER\OneDrive\Documents\DRIPS\DRIPS Solution folder\No
vaFund\frontend\node_modules\next\dist\compiled\next-server\app-page.runtime.pr
od.js:12:64674)
    at nB (C:\Users\DELL USER\OneDrive\Documents\DRIPS\DRIPS Solution folder\No
vaFund\frontend\node_modules\next\dist\compiled\next-server\app-page.runtime.pr
od.js:12:67657)
    at nM (C:\Users\DELL USER\OneDrive\Documents\DRIPS\DRIPS Solution folder\No
vaFund\frontend\node_modules\next\dist\compiled\next-server\app-page.runtime.pr
od.js:12:58551)

Error occurred prerendering page "/". Read more: 
https://nextjs.org/docs/messages/prerender-error

Error: useSocial must be used within SocialProvider
    at i (C:\Users\DELL USER\OneDrive\Documents\DRIPS\DRIPS Solution 
folder\NovaFund\frontend\.next\server\chunks\521.js:1:18828)
    at c (C:\Users\DELL USER\OneDrive\Documents\DRIPS\DRIPS Solution 
folder\NovaFund\frontend\.next\server\chunks\521.js:1:15899)
    at nM (C:\Users\DELL USER\OneDrive\Documents\DRIPS\DRIPS Solution folder\No
vaFund\frontend\node_modules\next\dist\compiled\next-server\app-page.runtime.pr
od.js:12:47419)
    at nM (C:\Users\DELL USER\OneDrive\Documents\DRIPS\DRIPS Solution folder\No
vaFund\frontend\node_modules\next\dist\compiled\next-server\app-page.runtime.pr
od.js:12:61663)
    at nN (C:\Users\DELL USER\OneDrive\Documents\DRIPS\DRIPS Solution folder\No
vaFund\frontend\node_modules\next\dist\compiled\next-server\app-page.runtime.pr
od.js:12:64674)
    at nB (C:\Users\DELL USER\OneDrive\Documents\DRIPS\DRIPS Solution folder\No
vaFund\frontend\node_modules\next\dist\compiled\next-server\app-page.runtime.pr
od.js:12:67657)
    at nM (C:\Users\DELL USER\OneDrive\Documents\DRIPS\DRIPS Solution folder\No
vaFund\frontend\node_modules\next\dist\compiled\next-server\app-page.runtime.pr
od.js:12:58551)
    at nN (C:\Users\DELL USER\OneDrive\Documents\DRIPS\DRIPS Solution folder\No
vaFund\frontend\node_modules\next\dist\compiled\next-server\app-page.runtime.pr
od.js:12:64674)
    at nB (C:\Users\DELL USER\OneDrive\Documents\DRIPS\DRIPS Solution folder\No
vaFund\frontend\node_modules\next\dist\compiled\next-server\app-page.runtime.pr
od.js:12:67657)
    at nM (C:\Users\DELL USER\OneDrive\Documents\DRIPS\DRIPS Solution folder\No
vaFund\frontend\node_modules\next\dist\compiled\next-server\app-page.runtime.pr
od.js:12:58551)
Error: useSocial must be used within SocialProvider
    at i (C:\Users\DELL USER\OneDrive\Documents\DRIPS\DRIPS Solution 
folder\NovaFund\frontend\.next\server\chunks\521.js:1:18828)
    at c (C:\Users\DELL USER\OneDrive\Documents\DRIPS\DRIPS Solution 
folder\NovaFund\frontend\.next\server\chunks\521.js:1:15899)
    at nM (C:\Users\DELL USER\OneDrive\Documents\DRIPS\DRIPS Solution folder\No
vaFund\frontend\node_modules\next\dist\compiled\next-server\app-page.runtime.pr
od.js:12:47419)
    at nM (C:\Users\DELL USER\OneDrive\Documents\DRIPS\DRIPS Solution folder\No
vaFund\frontend\node_modules\next\dist\compiled\next-server\app-page.runtime.pr
od.js:12:61663)
    at nN (C:\Users\DELL USER\OneDrive\Documents\DRIPS\DRIPS Solution folder\No
vaFund\frontend\node_modules\next\dist\compiled\next-server\app-page.runtime.pr
od.js:12:64674)
    at nB (C:\Users\DELL USER\OneDrive\Documents\DRIPS\DRIPS Solution folder\No
vaFund\frontend\node_modules\next\dist\compiled\next-server\app-page.runtime.pr
od.js:12:67657)
    at nM (C:\Users\DELL USER\OneDrive\Documents\DRIPS\DRIPS Solution folder\No
vaFund\frontend\node_modules\next\dist\compiled\next-server\app-page.runtime.pr
od.js:12:58551)
    at nN (C:\Users\DELL USER\OneDrive\Documents\DRIPS\DRIPS Solution folder\No
vaFund\frontend\node_modules\next\dist\compiled\next-server\app-page.runtime.pr
od.js:12:64674)
    at nB (C:\Users\DELL USER\OneDrive\Documents\DRIPS\DRIPS Solution folder\No
vaFund\frontend\node_modules\next\dist\compiled\next-server\app-page.runtime.pr
od.js:12:67657)
    at nM (C:\Users\DELL USER\OneDrive\Documents\DRIPS\DRIPS Solution folder\No
vaFund\frontend\node_modules\next\dist\compiled\next-server\app-page.runtime.pr
od.js:12:58551)

Error occurred prerendering page "/create". Read more: 
https://nextjs.org/docs/messages/prerender-error

Error: useSocial must be used within SocialProvider
    at i (C:\Users\DELL USER\OneDrive\Documents\DRIPS\DRIPS Solution 
folder\NovaFund\frontend\.next\server\chunks\521.js:1:18828)
    at c (C:\Users\DELL USER\OneDrive\Documents\DRIPS\DRIPS Solution 
folder\NovaFund\frontend\.next\server\chunks\521.js:1:15899)
    at nM (C:\Users\DELL USER\OneDrive\Documents\DRIPS\DRIPS Solution folder\No
vaFund\frontend\node_modules\next\dist\compiled\next-server\app-page.runtime.pr
od.js:12:47419)
    at nM (C:\Users\DELL USER\OneDrive\Documents\DRIPS\DRIPS Solution folder\No
vaFund\frontend\node_modules\next\dist\compiled\next-server\app-page.runtime.pr
od.js:12:61663)
    at nN (C:\Users\DELL USER\OneDrive\Documents\DRIPS\DRIPS Solution folder\No
vaFund\frontend\node_modules\next\dist\compiled\next-server\app-page.runtime.pr
od.js:12:64674)
    at nB (C:\Users\DELL USER\OneDrive\Documents\DRIPS\DRIPS Solution folder\No
vaFund\frontend\node_modules\next\dist\compiled\next-server\app-page.runtime.pr
od.js:12:67657)
    at nM (C:\Users\DELL USER\OneDrive\Documents\DRIPS\DRIPS Solution folder\No
vaFund\frontend\node_modules\next\dist\compiled\next-server\app-page.runtime.pr
od.js:12:58551)
    at nN (C:\Users\DELL USER\OneDrive\Documents\DRIPS\DRIPS Solution folder\No
vaFund\frontend\node_modules\next\dist\compiled\next-server\app-page.runtime.pr
od.js:12:64674)
    at nB (C:\Users\DELL USER\OneDrive\Documents\DRIPS\DRIPS Solution folder\No
vaFund\frontend\node_modules\next\dist\compiled\next-server\app-page.runtime.pr
od.js:12:67657)
    at nM (C:\Users\DELL USER\OneDrive\Documents\DRIPS\DRIPS Solution folder\No
vaFund\frontend\node_modules\next\dist\compiled\next-server\app-page.runtime.pr
od.js:12:58551)
Error: useSocial must be used within SocialProvider
    at i (C:\Users\DELL USER\OneDrive\Documents\DRIPS\DRIPS Solution 
folder\NovaFund\frontend\.next\server\chunks\521.js:1:18828)
    at c (C:\Users\DELL USER\OneDrive\Documents\DRIPS\DRIPS Solution 
folder\NovaFund\frontend\.next\server\chunks\521.js:1:15899)

    at nM (C:\Users\DELL USER\OneDrive\Documents\DRIPS\DRIPS Solution folder\No
vaFund\frontend\node_modules\next\dist\compiled\next-server\app-page.runtime.pr
od.js:12:47419)
   Generating static pages (7/10) 
    at nM (C:\Users\DELL USER\OneDrive\Documents\DRIPS\DRIPS Solution folder\No
vaFund\frontend\node_modules\next\dist\compiled\next-server\app-page.runtime.pr
od.js:12:61663)
    at nN (C:\Users\DELL USER\OneDrive\Documents\DRIPS\DRIPS Solution folder\No
vaFund\frontend\node_modules\next\dist\compiled\next-server\app-page.runtime.pr
od.js:12:64674)
    at nB (C:\Users\DELL USER\OneDrive\Documents\DRIPS\DRIPS Solution folder\No
vaFund\frontend\node_modules\next\dist\compiled\next-server\app-page.runtime.pr
od.js:12:67657)
    at nM (C:\Users\DELL USER\OneDrive\Documents\DRIPS\DRIPS Solution folder\No
vaFund\frontend\node_modules\next\dist\compiled\next-server\app-page.runtime.pr
od.js:12:58551)
    at nN (C:\Users\DELL USER\OneDrive\Documents\DRIPS\DRIPS Solution folder\No
vaFund\frontend\node_modules\next\dist\compiled\next-server\app-page.runtime.pr
od.js:12:64674)
    at nB (C:\Users\DELL USER\OneDrive\Documents\DRIPS\DRIPS Solution folder\No
vaFund\frontend\node_modules\next\dist\compiled\next-server\app-page.runtime.pr
od.js:12:67657)
    at nM (C:\Users\DELL USER\OneDrive\Documents\DRIPS\DRIPS Solution folder\No
vaFund\frontend\node_modules\next\dist\compiled\next-server\app-page.runtime.pr
od.js:12:58551)

Error occurred prerendering page "/forgot-password". Read more: 
https://nextjs.org/docs/messages/prerender-error

Error: useSocial must be used within SocialProvider
    at i (C:\Users\DELL USER\OneDrive\Documents\DRIPS\DRIPS Solution 
folder\NovaFund\frontend\.next\server\chunks\521.js:1:18828)
    at c (C:\Users\DELL USER\OneDrive\Documents\DRIPS\DRIPS Solution 
folder\NovaFund\frontend\.next\server\chunks\521.js:1:15899)
    at nM (C:\Users\DELL USER\OneDrive\Documents\DRIPS\DRIPS Solution folder\No
vaFund\frontend\node_modules\next\dist\compiled\next-server\app-page.runtime.pr
od.js:12:47419)
    at nM (C:\Users\DELL USER\OneDrive\Documents\DRIPS\DRIPS Solution folder\No
vaFund\frontend\node_modules\next\dist\compiled\next-server\app-page.runtime.pr
od.js:12:61663)
    at nN (C:\Users\DELL USER\OneDrive\Documents\DRIPS\DRIPS Solution folder\No
vaFund\frontend\node_modules\next\dist\compiled\next-server\app-page.runtime.pr
od.js:12:64674)
    at nB (C:\Users\DELL USER\OneDrive\Documents\DRIPS\DRIPS Solution folder\No
vaFund\frontend\node_modules\next\dist\compiled\next-server\app-page.runtime.pr
od.js:12:67657)
    at nM (C:\Users\DELL USER\OneDrive\Documents\DRIPS\DRIPS Solution folder\No
vaFund\frontend\node_modules\next\dist\compiled\next-server\app-page.runtime.pr
od.js:12:58551)
    at nN (C:\Users\DELL USER\OneDrive\Documents\DRIPS\DRIPS Solution folder\No
vaFund\frontend\node_modules\next\dist\compiled\next-server\app-page.runtime.pr
od.js:12:64674)
    at nB (C:\Users\DELL USER\OneDrive\Documents\DRIPS\DRIPS Solution folder\No
vaFund\frontend\node_modules\next\dist\compiled\next-server\app-page.runtime.pr
od.js:12:67657)
    at nM (C:\Users\DELL USER\OneDrive\Documents\DRIPS\DRIPS Solution folder\No
vaFund\frontend\node_modules\next\dist\compiled\next-server\app-page.runtime.pr
od.js:12:58551)
Error: useSocial must be used within SocialProvider
    at i (C:\Users\DELL USER\OneDrive\Documents\DRIPS\DRIPS Solution 
folder\NovaFund\frontend\.next\server\chunks\521.js:1:18828)
    at c (C:\Users\DELL USER\OneDrive\Documents\DRIPS\DRIPS Solution 
folder\NovaFund\frontend\.next\server\chunks\521.js:1:15899)
    at nM (C:\Users\DELL USER\OneDrive\Documents\DRIPS\DRIPS Solution folder\No
vaFund\frontend\node_modules\next\dist\compiled\next-server\app-page.runtime.pr
od.js:12:47419)
    at nM (C:\Users\DELL USER\OneDrive\Documents\DRIPS\DRIPS Solution folder\No
vaFund\frontend\node_modules\next\dist\compiled\next-server\app-page.runtime.pr
od.js:12:61663)
    at nN (C:\Users\DELL USER\OneDrive\Documents\DRIPS\DRIPS Solution folder\No
vaFund\frontend\node_modules\next\dist\compiled\next-server\app-page.runtime.pr
od.js:12:64674)

    at nB (C:\Users\DELL USER\OneDrive\Documents\DRIPS\DRIPS Solution folder\No
vaFund\frontend\node_modules\next\dist\compiled\next-server\app-page.runtime.pr
od.js:12:67657)
 Γ£ô Generating static pages (10/10) 
    at nM (C:\Users\DELL USER\OneDrive\Documents\DRIPS\DRIPS Solution folder\No
vaFund\frontend\node_modules\next\dist\compiled\next-server\app-page.runtime.pr
od.js:12:58551)
    at nN (C:\Users\DELL USER\OneDrive\Documents\DRIPS\DRIPS Solution folder\No
vaFund\frontend\node_modules\next\dist\compiled\next-server\app-page.runtime.pr
od.js:12:64674)
    at nB (C:\Users\DELL USER\OneDrive\Documents\DRIPS\DRIPS Solution folder\No
vaFund\frontend\node_modules\next\dist\compiled\next-server\app-page.runtime.pr
od.js:12:67657)
    at nM (C:\Users\DELL USER\OneDrive\Documents\DRIPS\DRIPS Solution folder\No
vaFund\frontend\node_modules\next\dist\compiled\next-server\app-page.runtime.pr
od.js:12:58551)

Error occurred prerendering page "/recovery". Read more: 
https://nextjs.org/docs/messages/prerender-error

Error: useSocial must be used within SocialProvider
    at i (C:\Users\DELL USER\OneDrive\Documents\DRIPS\DRIPS Solution 
folder\NovaFund\frontend\.next\server\chunks\521.js:1:18828)
    at c (C:\Users\DELL USER\OneDrive\Documents\DRIPS\DRIPS Solution 
folder\NovaFund\frontend\.next\server\chunks\521.js:1:15899)
    at nM (C:\Users\DELL USER\OneDrive\Documents\DRIPS\DRIPS Solution folder\No
vaFund\frontend\node_modules\next\dist\compiled\next-server\app-page.runtime.pr
od.js:12:47419)
    at nM (C:\Users\DELL USER\OneDrive\Documents\DRIPS\DRIPS Solution folder\No
vaFund\frontend\node_modules\next\dist\compiled\next-server\app-page.runtime.pr
od.js:12:61663)
    at nN (C:\Users\DELL USER\OneDrive\Documents\DRIPS\DRIPS Solution folder\No
vaFund\frontend\node_modules\next\dist\compiled\next-server\app-page.runtime.pr
od.js:12:64674)
    at nB (C:\Users\DELL USER\OneDrive\Documents\DRIPS\DRIPS Solution folder\No
vaFund\frontend\node_modules\next\dist\compiled\next-server\app-page.runtime.pr
od.js:12:67657)
    at nM (C:\Users\DELL USER\OneDrive\Documents\DRIPS\DRIPS Solution folder\No
vaFund\frontend\node_modules\next\dist\compiled\next-server\app-page.runtime.pr
od.js:12:58551)
    at nN (C:\Users\DELL USER\OneDrive\Documents\DRIPS\DRIPS Solution folder\No
vaFund\frontend\node_modules\next\dist\compiled\next-server\app-page.runtime.pr
od.js:12:64674)
    at nB (C:\Users\DELL USER\OneDrive\Documents\DRIPS\DRIPS Solution folder\No
vaFund\frontend\node_modules\next\dist\compiled\next-server\app-page.runtime.pr
od.js:12:67657)
    at nM (C:\Users\DELL USER\OneDrive\Documents\DRIPS\DRIPS Solution folder\No
vaFund\frontend\node_modules\next\dist\compiled\next-server\app-page.runtime.pr
od.js:12:58551)
Error: useSocial must be used within SocialProvider
    at i (C:\Users\DELL USER\OneDrive\Documents\DRIPS\DRIPS Solution 
folder\NovaFund\frontend\.next\server\chunks\521.js:1:18828)
    at c (C:\Users\DELL USER\OneDrive\Documents\DRIPS\DRIPS Solution 
folder\NovaFund\frontend\.next\server\chunks\521.js:1:15899)
    at nM (C:\Users\DELL USER\OneDrive\Documents\DRIPS\DRIPS Solution folder\No
vaFund\frontend\node_modules\next\dist\compiled\next-server\app-page.runtime.pr
od.js:12:47419)
    at nM (C:\Users\DELL USER\OneDrive\Documents\DRIPS\DRIPS Solution folder\No
vaFund\frontend\node_modules\next\dist\compiled\next-server\app-page.runtime.pr
od.js:12:61663)
    at nN (C:\Users\DELL USER\OneDrive\Documents\DRIPS\DRIPS Solution folder\No
vaFund\frontend\node_modules\next\dist\compiled\next-server\app-page.runtime.pr
od.js:12:64674)
    at nB (C:\Users\DELL USER\OneDrive\Documents\DRIPS\DRIPS Solution folder\No
vaFund\frontend\node_modules\next\dist\compiled\next-server\app-page.runtime.pr
od.js:12:67657)
    at nM (C:\Users\DELL USER\OneDrive\Documents\DRIPS\DRIPS Solution folder\No
vaFund\frontend\node_modules\next\dist\compiled\next-server\app-page.runtime.pr
od.js:12:58551)
    at nN (C:\Users\DELL USER\OneDrive\Documents\DRIPS\DRIPS Solution folder\No
vaFund\frontend\node_modules\next\dist\compiled\next-server\app-page.runtime.pr
od.js:12:64674)
    at nB (C:\Users\DELL USER\OneDrive\Documents\DRIPS\DRIPS Solution folder\No
vaFund\frontend\node_modules\next\dist\compiled\next-server\app-page.runtime.pr
od.js:12:67657)
    at nM (C:\Users\DELL USER\OneDrive\Documents\DRIPS\DRIPS Solution folder\No
vaFund\frontend\node_modules\next\dist\compiled\next-server\app-page.runtime.pr
od.js:12:58551)

Error occurred prerendering page "/bridge". Read more: 
https://nextjs.org/docs/messages/prerender-error

Error: useSocial must be used within SocialProvider
    at i (C:\Users\DELL USER\OneDrive\Documents\DRIPS\DRIPS Solution 
folder\NovaFund\frontend\.next\server\chunks\521.js:1:18828)
    at c (C:\Users\DELL USER\OneDrive\Documents\DRIPS\DRIPS Solution 
folder\NovaFund\frontend\.next\server\chunks\521.js:1:15899)
    at nM (C:\Users\DELL USER\OneDrive\Documents\DRIPS\DRIPS Solution folder\No
vaFund\frontend\node_modules\next\dist\compiled\next-server\app-page.runtime.pr
od.js:12:47419)
    at nM (C:\Users\DELL USER\OneDrive\Documents\DRIPS\DRIPS Solution folder\No
vaFund\frontend\node_modules\next\dist\compiled\next-server\app-page.runtime.pr
od.js:12:61663)
    at nN (C:\Users\DELL USER\OneDrive\Documents\DRIPS\DRIPS Solution folder\No
vaFund\frontend\node_modules\next\dist\compiled\next-server\app-page.runtime.pr
od.js:12:64674)
    at nB (C:\Users\DELL USER\OneDrive\Documents\DRIPS\DRIPS Solution folder\No
vaFund\frontend\node_modules\next\dist\compiled\next-server\app-page.runtime.pr
od.js:12:67657)
    at nM (C:\Users\DELL USER\OneDrive\Documents\DRIPS\DRIPS Solution folder\No
vaFund\frontend\node_modules\next\dist\compiled\next-server\app-page.runtime.pr
od.js:12:58551)
    at nN (C:\Users\DELL USER\OneDrive\Documents\DRIPS\DRIPS Solution folder\No
vaFund\frontend\node_modules\next\dist\compiled\next-server\app-page.runtime.pr
od.js:12:64674)
    at nB (C:\Users\DELL USER\OneDrive\Documents\DRIPS\DRIPS Solution folder\No
vaFund\frontend\node_modules\next\dist\compiled\next-server\app-page.runtime.pr
od.js:12:67657)
    at nM (C:\Users\DELL USER\OneDrive\Documents\DRIPS\DRIPS Solution folder\No
vaFund\frontend\node_modules\next\dist\compiled\next-server\app-page.runtime.pr
od.js:12:58551)

> Export encountered errors on following paths:
	/_not-found
	/bridge/page: /bridge
	/create/page: /create
	/dashboard/page: /dashboard
	/explore/page: /explore
	/forgot-password/page: /forgot-password
	/page: /
	/recovery/page: /recovery
